Archive member included to satisfy reference by file (symbol)

D:/STM32CubeIDE_1.13.1/STM32CubeIDE/plugins/com.st.stm32cube.ide.mcu.externaltools.gnu-tools-for-stm32.11.3.rel1.win32_1.1.0.202305231506/tools/bin/../lib/gcc/arm-none-eabi/11.3.1/../../../../arm-none-eabi/lib/thumb/v7-m/nofp\libc_nano.a(libc_a-exit.o)
                              D:/STM32CubeIDE_1.13.1/STM32CubeIDE/plugins/com.st.stm32cube.ide.mcu.externaltools.gnu-tools-for-stm32.11.3.rel1.win32_1.1.0.202305231506/tools/bin/../lib/gcc/arm-none-eabi/11.3.1/../../../../arm-none-eabi/lib/thumb/v7-m/nofp/crt0.o (exit)
D:/STM32CubeIDE_1.13.1/STM32CubeIDE/plugins/com.st.stm32cube.ide.mcu.externaltools.gnu-tools-for-stm32.11.3.rel1.win32_1.1.0.202305231506/tools/bin/../lib/gcc/arm-none-eabi/11.3.1/../../../../arm-none-eabi/lib/thumb/v7-m/nofp\libc_nano.a(libc_a-findfp.o)
                              D:/STM32CubeIDE_1.13.1/STM32CubeIDE/plugins/com.st.stm32cube.ide.mcu.externaltools.gnu-tools-for-stm32.11.3.rel1.win32_1.1.0.202305231506/tools/bin/../lib/gcc/arm-none-eabi/11.3.1/../../../../arm-none-eabi/lib/thumb/v7-m/nofp\libc_nano.a(libc_a-exit.o) (__stdio_exit_handler)
D:/STM32CubeIDE_1.13.1/STM32CubeIDE/plugins/com.st.stm32cube.ide.mcu.externaltools.gnu-tools-for-stm32.11.3.rel1.win32_1.1.0.202305231506/tools/bin/../lib/gcc/arm-none-eabi/11.3.1/../../../../arm-none-eabi/lib/thumb/v7-m/nofp\libc_nano.a(libc_a-fwalk.o)
                              D:/STM32CubeIDE_1.13.1/STM32CubeIDE/plugins/com.st.stm32cube.ide.mcu.externaltools.gnu-tools-for-stm32.11.3.rel1.win32_1.1.0.202305231506/tools/bin/../lib/gcc/arm-none-eabi/11.3.1/../../../../arm-none-eabi/lib/thumb/v7-m/nofp\libc_nano.a(libc_a-findfp.o) (_fwalk_sglue)
D:/STM32CubeIDE_1.13.1/STM32CubeIDE/plugins/com.st.stm32cube.ide.mcu.externaltools.gnu-tools-for-stm32.11.3.rel1.win32_1.1.0.202305231506/tools/bin/../lib/gcc/arm-none-eabi/11.3.1/../../../../arm-none-eabi/lib/thumb/v7-m/nofp\libc_nano.a(libc_a-stdio.o)
                              D:/STM32CubeIDE_1.13.1/STM32CubeIDE/plugins/com.st.stm32cube.ide.mcu.externaltools.gnu-tools-for-stm32.11.3.rel1.win32_1.1.0.202305231506/tools/bin/../lib/gcc/arm-none-eabi/11.3.1/../../../../arm-none-eabi/lib/thumb/v7-m/nofp\libc_nano.a(libc_a-findfp.o) (__sread)
D:/STM32CubeIDE_1.13.1/STM32CubeIDE/plugins/com.st.stm32cube.ide.mcu.externaltools.gnu-tools-for-stm32.11.3.rel1.win32_1.1.0.202305231506/tools/bin/../lib/gcc/arm-none-eabi/11.3.1/../../../../arm-none-eabi/lib/thumb/v7-m/nofp\libc_nano.a(libc_a-memset.o)
                              D:/STM32CubeIDE_1.13.1/STM32CubeIDE/plugins/com.st.stm32cube.ide.mcu.externaltools.gnu-tools-for-stm32.11.3.rel1.win32_1.1.0.202305231506/tools/bin/../lib/gcc/arm-none-eabi/11.3.1/../../../../arm-none-eabi/lib/thumb/v7-m/nofp/crt0.o (memset)
D:/STM32CubeIDE_1.13.1/STM32CubeIDE/plugins/com.st.stm32cube.ide.mcu.externaltools.gnu-tools-for-stm32.11.3.rel1.win32_1.1.0.202305231506/tools/bin/../lib/gcc/arm-none-eabi/11.3.1/../../../../arm-none-eabi/lib/thumb/v7-m/nofp\libc_nano.a(libc_a-closer.o)
                              D:/STM32CubeIDE_1.13.1/STM32CubeIDE/plugins/com.st.stm32cube.ide.mcu.externaltools.gnu-tools-for-stm32.11.3.rel1.win32_1.1.0.202305231506/tools/bin/../lib/gcc/arm-none-eabi/11.3.1/../../../../arm-none-eabi/lib/thumb/v7-m/nofp\libc_nano.a(libc_a-stdio.o) (_close_r)
D:/STM32CubeIDE_1.13.1/STM32CubeIDE/plugins/com.st.stm32cube.ide.mcu.externaltools.gnu-tools-for-stm32.11.3.rel1.win32_1.1.0.202305231506/tools/bin/../lib/gcc/arm-none-eabi/11.3.1/../../../../arm-none-eabi/lib/thumb/v7-m/nofp\libc_nano.a(libc_a-reent.o)
                              D:/STM32CubeIDE_1.13.1/STM32CubeIDE/plugins/com.st.stm32cube.ide.mcu.externaltools.gnu-tools-for-stm32.11.3.rel1.win32_1.1.0.202305231506/tools/bin/../lib/gcc/arm-none-eabi/11.3.1/../../../../arm-none-eabi/lib/thumb/v7-m/nofp\libc_nano.a(libc_a-closer.o) (errno)
D:/STM32CubeIDE_1.13.1/STM32CubeIDE/plugins/com.st.stm32cube.ide.mcu.externaltools.gnu-tools-for-stm32.11.3.rel1.win32_1.1.0.202305231506/tools/bin/../lib/gcc/arm-none-eabi/11.3.1/../../../../arm-none-eabi/lib/thumb/v7-m/nofp\libc_nano.a(libc_a-impure.o)
                              D:/STM32CubeIDE_1.13.1/STM32CubeIDE/plugins/com.st.stm32cube.ide.mcu.externaltools.gnu-tools-for-stm32.11.3.rel1.win32_1.1.0.202305231506/tools/bin/../lib/gcc/arm-none-eabi/11.3.1/../../../../arm-none-eabi/lib/thumb/v7-m/nofp\libc_nano.a(libc_a-reent.o) (_impure_ptr)
D:/STM32CubeIDE_1.13.1/STM32CubeIDE/plugins/com.st.stm32cube.ide.mcu.externaltools.gnu-tools-for-stm32.11.3.rel1.win32_1.1.0.202305231506/tools/bin/../lib/gcc/arm-none-eabi/11.3.1/../../../../arm-none-eabi/lib/thumb/v7-m/nofp\libc_nano.a(libc_a-lseekr.o)
                              D:/STM32CubeIDE_1.13.1/STM32CubeIDE/plugins/com.st.stm32cube.ide.mcu.externaltools.gnu-tools-for-stm32.11.3.rel1.win32_1.1.0.202305231506/tools/bin/../lib/gcc/arm-none-eabi/11.3.1/../../../../arm-none-eabi/lib/thumb/v7-m/nofp\libc_nano.a(libc_a-stdio.o) (_lseek_r)
[...]
Memory Configuration

Name             Origin             Length             Attributes
RAM              0x0000000020000000 0x0000000000005000 xrw
FLASH            0x0000000008000000 0x0000000000020000 xr
*default*        0x0000000000000000 0xffffffffffffffff

Linker script and memory map

LOAD D:/STM32CubeIDE_1.13.1/STM32CubeIDE/plugins/com.st.stm32cube.ide.mcu.externaltools.gnu-tools-for-stm32.11.3.rel1.win32_1.1.0.202305231506/tools/bin/../lib/gcc/arm-none-eabi/11.3.1/thumb/v7-m/nofp/crti.o
LOAD D:/STM32CubeIDE_1.13.1/STM32CubeIDE/plugins/com.st.stm32cube.ide.mcu.externaltools.gnu-tools-for-stm32.11.3.rel1.win32_1.1.0.202305231506/tools/bin/../lib/gcc/arm-none-eabi/11.3.1/thumb/v7-m/nofp/crtbegin.o
LOAD D:/STM32CubeIDE_1.13.1/STM32CubeIDE/plugins/com.st.stm32cube.ide.mcu.externaltools.gnu-tools-for-stm32.11.3.rel1.win32_1.1.0.202305231506/tools/bin/../lib/gcc/arm-none-eabi/11.3.1/../../../../arm-none-eabi/lib/thumb/v7-m/nofp/crt0.o
LOAD ./Core/Src/button.o
LOAD ./Core/Src/display_led.o
LOAD ./Core/Src/fsm_auto.o
LOAD ./Core/Src/fsm_manual.o
LOAD ./Core/Src/global.o
LOAD ./Core/Src/main.o
LOAD ./Core/Src/software_timer.o
LOAD ./Core/Src/stm32f1xx_hal_msp.o
LOAD ./Core/Src/stm32f1xx_it.o
LOAD ./Core/Src/syscalls.o
LOAD ./Core/Src/sysmem.o
LOAD ./Core/Src/system_stm32f1xx.o
LOAD ./Core/Startup/startup_stm32f103rbtx.o
LOAD ./Drivers/STM32F1xx_HAL_Driver/Src/stm32f1xx_hal.o
LOAD ./Drivers/STM32F1xx_HAL_Driver/Src/stm32f1xx_hal_cortex.o
LOAD ./Drivers/STM32F1xx_HAL_Driver/Src/stm32f1xx_hal_dma.o
LOAD ./Drivers/STM32F1xx_HAL_Driver/Src/stm32f1xx_hal_exti.o
LOAD ./Drivers/STM32F1xx_HAL_Driver/Src/stm32f1xx_hal_flash.o
LOAD ./Drivers/STM32F1xx_HAL_Driver/Src/stm32f1xx_hal_flash_ex.o
LOAD ./Drivers/STM32F1xx_HAL_Driver/Src/stm32f1xx_hal_gpio.o
LOAD ./Drivers/STM32F1xx_HAL_Driver/Src/stm32f1xx_hal_gpio_ex.o
LOAD ./Drivers/STM32F1xx_HAL_Driver/Src/stm32f1xx_hal_pwr.o
LOAD ./Drivers/STM32F1xx_HAL_Driver/Src/stm32f1xx_hal_rcc.o
LOAD ./Drivers/STM32F1xx_HAL_Driver/Src/stm32f1xx_hal_rcc_ex.o
LOAD ./Drivers/STM32F1xx_HAL_Driver/Src/stm32f1xx_hal_tim.o
LOAD ./Drivers/STM32F1xx_HAL_Driver/Src/stm32f1xx_hal_tim_ex.o
START GROUP
LOAD D:/STM32CubeIDE_1.13.1/STM32CubeIDE/plugins/com.st.stm32cube.ide.mcu.externaltools.gnu-tools-for-stm32.11.3.rel1.win32_1.1.0.202305231506/tools/bin/../lib/gcc/arm-none-eabi/11.3.1/../../../../arm-none-eabi/lib/thumb/v7-m/nofp\libc_nano.a
LOAD D:/STM32CubeIDE_1.13.1/STM32CubeIDE/plugins/com.st.stm32cube.ide.mcu.externaltools.gnu-tools-for-stm32.11.3.rel1.win32_1.1.0.202305231506/tools/bin/../lib/gcc/arm-none-eabi/11.3.1/../../../../arm-none-eabi/lib/thumb/v7-m/nofp\libm.a
END GROUP
START GROUP
LOAD D:/STM32CubeIDE_1.13.1/STM32CubeIDE/plugins/com.st.stm32cube.ide.mcu.externaltools.gnu-tools-for-stm32.11.3.rel1.win32_1.1.0.202305231506/tools/bin/../lib/gcc/arm-none-eabi/11.3.1/thumb/v7-m/nofp\libgcc.a
LOAD D:/STM32CubeIDE_1.13.1/STM32CubeIDE/plugins/com.st.stm32cube.ide.mcu.externaltools.gnu-tools-for-stm32.11.3.rel1.win32_1.1.0.202305231506/tools/bin/../lib/gcc/arm-none-eabi/11.3.1/../../../../arm-none-eabi/lib/thumb/v7-m/nofp\libc_nano.a
END GROUP
START GROUP
LOAD D:/STM32CubeIDE_1.13.1/STM32CubeIDE/plugins/com.st.stm32cube.ide.mcu.externaltools.gnu-tools-for-stm32.11.3.rel1.win32_1.1.0.202305231506/tools/bin/../lib/gcc/arm-none-eabi/11.3.1/thumb/v7-m/nofp\libgcc.a
LOAD D:/STM32CubeIDE_1.13.1/STM32CubeIDE/plugins/com.st.stm32cube.ide.mcu.externaltools.gnu-tools-for-stm32.11.3.rel1.win32_1.1.0.202305231506/tools/bin/../lib/gcc/arm-none-eabi/11.3.1/../../../../arm-none-eabi/lib/thumb/v7-m/nofp\libc_nano.a
LOAD D:/STM32CubeIDE_1.13.1/STM32CubeIDE/plugins/com.st.stm32cube.ide.mcu.externaltools.gnu-tools-for-stm32.11.3.rel1.win32_1.1.0.202305231506/tools/bin/../lib/gcc/arm-none-eabi/11.3.1/../../../../arm-none-eabi/lib/thumb/v7-m/nofp\libnosys.a
END GROUP
START GROUP
LOAD D:/STM32CubeIDE_1.13.1/STM32CubeIDE/plugins/com.st.stm32cube.ide.mcu.externaltools.gnu-tools-for-stm32.11.3.rel1.win32_1.1.0.202305231506/tools/bin/../lib/gcc/arm-none-eabi/11.3.1/thumb/v7-m/nofp\libgcc.a
LOAD D:/STM32CubeIDE_1.13.1/STM32CubeIDE/plugins/com.st.stm32cube.ide.mcu.externaltools.gnu-tools-for-stm32.11.3.rel1.win32_1.1.0.202305231506/tools/bin/../lib/gcc/arm-none-eabi/11.3.1/../../../../arm-none-eabi/lib/thumb/v7-m/nofp\libc_nano.a
LOAD D:/STM32CubeIDE_1.13.1/STM32CubeIDE/plugins/com.st.stm32cube.ide.mcu.externaltools.gnu-tools-for-stm32.11.3.rel1.win32_1.1.0.202305231506/tools/bin/../lib/gcc/arm-none-eabi/11.3.1/../../../../arm-none-eabi/lib/thumb/v7-m/nofp\libnosys.a
END GROUP
LOAD D:/STM32CubeIDE_1.13.1/STM32CubeIDE/plugins/com.st.stm32cube.ide.mcu.externaltools.gnu-tools-for-stm32.11.3.rel1.win32_1.1.0.202305231506/tools/bin/../lib/gcc/arm-none-eabi/11.3.1/thumb/v7-m/nofp/crtend.o
LOAD D:/STM32CubeIDE_1.13.1/STM32CubeIDE/plugins/com.st.stm32cube.ide.mcu.externaltools.gnu-tools-for-stm32.11.3.rel1.win32_1.1.0.202305231506/tools/bin/../lib/gcc/arm-none-eabi/11.3.1/thumb/v7-m/nofp/crtn.o
                0x0000000020005000                _estack = (ORIGIN (RAM) + LENGTH (RAM))
                0x0000000000000200                _Min_Heap_Size = 0x200
                0x0000000000000400                _Min_Stack_Size = 0x400

.isr_vector     0x0000000008000000      0x10c
                0x0000000008000000                . = ALIGN (0x4)
 *(.isr_vector)
 .isr_vector    0x0000000008000000      0x10c ./Core/Startup/startup_stm32f103rbtx.o
                0x0000000008000000                g_pfnVectors
                0x000000000800010c                . = ALIGN (0x4)

.text           0x000000000800010c     0x2664
                0x000000000800010c                . = ALIGN (0x4)
 *(.text)
 .text          0x000000000800010c       0x40 D:/STM32CubeIDE_1.13.1/STM32CubeIDE/plugins/com.st.stm32cube.ide.mcu.externaltools.gnu-tools-for-stm32.11.3.rel1.win32_1.1.0.202305231506/tools/bin/../lib/gcc/arm-none-eabi/11.3.1/thumb/v7-m/nofp/crtbegin.o
 *(.text*)
 .text.isButtonPressed
                0x000000000800014c       0x3c ./Core/Src/button.o
                0x000000000800014c                isButtonPressed
 .text.subKeyProcess
                0x0000000008000188       0x20 ./Core/Src/button.o
                0x0000000008000188                subKeyProcess
 .text.getKeyInput
                0x00000000080001a8      0x154 ./Core/Src/button.o
                0x00000000080001a8                getKeyInput
 .text.displayFirstLedCouple
                0x00000000080002fc       0xc0 ./Core/Src/display_led.o
                0x00000000080002fc                displayFirstLedCouple
 .text.displaySecondLedCouple
                0x00000000080003bc       0xc8 ./Core/Src/display_led.o
                0x00000000080003bc                displaySecondLedCouple
 .text.toggleLeds
                0x0000000008000484       0x68 ./Core/Src/display_led.o
                0x0000000008000484                toggleLeds
 .text.auto_run
                0x00000000080004ec      0x278 ./Core/Src/fsm_auto.o
                0x00000000080004ec                auto_run
 .text.mode2_run
                0x0000000008000764      0x14c ./Core/Src/fsm_manual.o
                0x0000000008000764                mode2_run
 .text.mode3_run
                0x00000000080008b0      0x14c ./Core/Src/fsm_manual.o
                0x00000000080008b0                mode3_run
 .text.mode4_run
                0x00000000080009fc      0x14c ./Core/Src/fsm_manual.o
                0x00000000080009fc                mode4_run
 .text.manual_run
                0x0000000008000b48       0x7c ./Core/Src/fsm_manual.o
                0x0000000008000b48                manual_run
 .text.setValues
                0x0000000008000bc4       0xb0 ./Core/Src/global.o
                0x0000000008000bc4                setValues
 .text.main     0x0000000008000c74       0x34 ./Core/Src/main.o
                0x0000000008000c74                main
 .text.SystemClock_Config
                0x0000000008000ca8       0x76 ./Core/Src/main.o
                0x0000000008000ca8                SystemClock_Config
 *fill*         0x0000000008000d1e        0x2 
 .text.MX_TIM2_Init
                0x0000000008000d20       0x98 ./Core/Src/main.o
 .text.MX_GPIO_Init
                0x0000000008000db8       0xfc ./Core/Src/main.o
 .text.HAL_TIM_PeriodElapsedCallback
                0x0000000008000eb4       0x4a ./Core/Src/main.o
                0x0000000008000eb4                HAL_TIM_PeriodElapsedCallback
 .text.Error_Handler
                0x0000000008000efe        0xa ./Core/Src/main.o
                0x0000000008000efe                Error_Handler
 .text.setTimer
                0x0000000008000f08       0x30 ./Core/Src/software_timer.o
                0x0000000008000f08                setTimer
 .text.timerRun
                0x0000000008000f38       0x50 ./Core/Src/software_timer.o
                0x0000000008000f38                timerRun
 .text.HAL_MspInit
                0x0000000008000f88       0x44 ./Core/Src/stm32f1xx_hal_msp.o
                0x0000000008000f88                HAL_MspInit
 .text.HAL_TIM_Base_MspInit
                0x0000000008000fcc       0x48 ./Core/Src/stm32f1xx_hal_msp.o
                0x0000000008000fcc                HAL_TIM_Base_MspInit
 .text.NMI_Handler
                0x0000000008001014        0x6 ./Core/Src/stm32f1xx_it.o
                0x0000000008001014                NMI_Handler
 .text.HardFault_Handler
                0x000000000800101a        0x6 ./Core/Src/stm32f1xx_it.o
                0x000000000800101a                HardFault_Handler
 .text.MemManage_Handler
                0x0000000008001020        0x6 ./Core/Src/stm32f1xx_it.o
                0x0000000008001020                MemManage_Handler
 .text.BusFault_Handler
                0x0000000008001026        0x6 ./Core/Src/stm32f1xx_it.o
                0x0000000008001026                BusFault_Handler
 .text.UsageFault_Handler
                0x000000000800102c        0x6 ./Core/Src/stm32f1xx_it.o
                0x000000000800102c                UsageFault_Handler
 .text.SVC_Handler
                0x0000000008001032        0xc ./Core/Src/stm32f1xx_it.o
                0x0000000008001032                SVC_Handler
 .text.DebugMon_Handler
                0x000000000800103e        0xc ./Core/Src/stm32f1xx_it.o
                0x000000000800103e                DebugMon_Handler
 .text.PendSV_Handler
                0x000000000800104a        0xc ./Core/Src/stm32f1xx_it.o
                0x000000000800104a                PendSV_Handler
 .text.SysTick_Handler
                0x0000000008001056        0xc ./Core/Src/stm32f1xx_it.o
                0x0000000008001056                SysTick_Handler
 *fill*         0x0000000008001062        0x2 
 .text.TIM2_IRQHandler
                0x0000000008001064       0x14 ./Core/Src/stm32f1xx_it.o
                0x0000000008001064                TIM2_IRQHandler
 .text.SystemInit
                0x0000000008001078        0xc ./Core/Src/system_stm32f1xx.o
                0x0000000008001078                SystemInit
 .text.Reset_Handler
                0x0000000008001084       0x48 ./Core/Startup/startup_stm32f103rbtx.o
                0x0000000008001084                Reset_Handler
 .text.Default_Handler
                0x00000000080010cc        0x2 ./Core/Startup/startup_stm32f103rbtx.o
                0x00000000080010cc                RTC_Alarm_IRQHandler
                0x00000000080010cc                EXTI2_IRQHandler
                0x00000000080010cc                TIM1_CC_IRQHandler
                0x00000000080010cc                PVD_IRQHandler
                0x00000000080010cc                EXTI3_IRQHandler
                0x00000000080010cc                EXTI0_IRQHandler
                0x00000000080010cc                I2C2_EV_IRQHandler
                0x00000000080010cc                ADC1_2_IRQHandler
                0x00000000080010cc                SPI1_IRQHandler
                0x00000000080010cc                TAMPER_IRQHandler
                0x00000000080010cc                DMA1_Channel4_IRQHandler
                0x00000000080010cc                USART3_IRQHandler
                0x00000000080010cc                RTC_IRQHandler
                0x00000000080010cc                DMA1_Channel7_IRQHandler
                0x00000000080010cc                CAN1_RX1_IRQHandler
                0x00000000080010cc                TIM4_IRQHandler
                0x00000000080010cc                I2C1_EV_IRQHandler
                0x00000000080010cc                DMA1_Channel6_IRQHandler
                0x00000000080010cc                TIM3_IRQHandler
                0x00000000080010cc                RCC_IRQHandler
                0x00000000080010cc                TIM1_TRG_COM_IRQHandler
                0x00000000080010cc                DMA1_Channel1_IRQHandler
                0x00000000080010cc                Default_Handler
                0x00000000080010cc                EXTI15_10_IRQHandler
                0x00000000080010cc                EXTI9_5_IRQHandler
                0x00000000080010cc                SPI2_IRQHandler
                0x00000000080010cc                DMA1_Channel5_IRQHandler
                0x00000000080010cc                EXTI4_IRQHandler
                0x00000000080010cc                USB_LP_CAN1_RX0_IRQHandler
                0x00000000080010cc                USB_HP_CAN1_TX_IRQHandler
                0x00000000080010cc                DMA1_Channel3_IRQHandler
                0x00000000080010cc                TIM1_UP_IRQHandler
                0x00000000080010cc                WWDG_IRQHandler
                0x00000000080010cc                TIM1_BRK_IRQHandler
                0x00000000080010cc                EXTI1_IRQHandler
                0x00000000080010cc                USART2_IRQHandler
                0x00000000080010cc                I2C2_ER_IRQHandler
                0x00000000080010cc                DMA1_Channel2_IRQHandler
                0x00000000080010cc                CAN1_SCE_IRQHandler
                0x00000000080010cc                FLASH_IRQHandler
                0x00000000080010cc                USART1_IRQHandler
                0x00000000080010cc                I2C1_ER_IRQHandler
                0x00000000080010cc                USBWakeUp_IRQHandler
 *fill*         0x00000000080010ce        0x2 
 .text.HAL_Init
                0x00000000080010d0       0x2c ./Drivers/STM32F1xx_HAL_Driver/Src/stm32f1xx_hal.o
                0x00000000080010d0                HAL_Init
 .text.HAL_InitTick
                0x00000000080010fc       0x60 ./Drivers/STM32F1xx_HAL_Driver/Src/stm32f1xx_hal.o
                0x00000000080010fc                HAL_InitTick
 .text.HAL_IncTick
                0x000000000800115c       0x24 ./Drivers/STM32F1xx_HAL_Driver/Src/stm32f1xx_hal.o
                0x000000000800115c                HAL_IncTick
 .text.HAL_GetTick
                0x0000000008001180       0x14 ./Drivers/STM32F1xx_HAL_Driver/Src/stm32f1xx_hal.o
                0x0000000008001180                HAL_GetTick
 .text.__NVIC_SetPriorityGrouping
                0x0000000008001194       0x48 ./Drivers/STM32F1xx_HAL_Driver/Src/stm32f1xx_hal_cortex.o
 .text.__NVIC_GetPriorityGrouping
                0x00000000080011dc       0x1c ./Drivers/STM32F1xx_HAL_Driver/Src/stm32f1xx_hal_cortex.o
 .text.__NVIC_EnableIRQ
                0x00000000080011f8       0x38 ./Drivers/STM32F1xx_HAL_Driver/Src/stm32f1xx_hal_cortex.o
 .text.__NVIC_SetPriority
                0x0000000008001230       0x54 ./Drivers/STM32F1xx_HAL_Driver/Src/stm32f1xx_hal_cortex.o
 .text.NVIC_EncodePriority
                0x0000000008001284       0x64 ./Drivers/STM32F1xx_HAL_Driver/Src/stm32f1xx_hal_cortex.o
 .text.SysTick_Config
                0x00000000080012e8       0x44 ./Drivers/STM32F1xx_HAL_Driver/Src/stm32f1xx_hal_cortex.o
 .text.HAL_NVIC_SetPriorityGrouping
                0x000000000800132c       0x16 ./Drivers/STM32F1xx_HAL_Driver/Src/stm32f1xx_hal_cortex.o
                0x000000000800132c                HAL_NVIC_SetPriorityGrouping
 .text.HAL_NVIC_SetPriority
                0x0000000008001342       0x38 ./Drivers/STM32F1xx_HAL_Driver/Src/stm32f1xx_hal_cortex.o
                0x0000000008001342                HAL_NVIC_SetPriority
 .text.HAL_NVIC_EnableIRQ
                0x000000000800137a       0x1c ./Drivers/STM32F1xx_HAL_Driver/Src/stm32f1xx_hal_cortex.o
                0x000000000800137a                HAL_NVIC_EnableIRQ
 .text.HAL_SYSTICK_Config
                0x0000000008001396       0x18 ./Drivers/STM32F1xx_HAL_Driver/Src/stm32f1xx_hal_cortex.o
                0x0000000008001396                HAL_SYSTICK_Config
 *fill*         0x00000000080013ae        0x2 
 .text.HAL_GPIO_Init
                0x00000000080013b0      0x308 ./Drivers/STM32F1xx_HAL_Driver/Src/stm32f1xx_hal_gpio.o
                0x00000000080013b0                HAL_GPIO_Init
 .text.HAL_GPIO_ReadPin
                0x00000000080016b8       0x2e ./Drivers/STM32F1xx_HAL_Driver/Src/stm32f1xx_hal_gpio.o
                0x00000000080016b8                HAL_GPIO_ReadPin
 .text.HAL_GPIO_WritePin
                0x00000000080016e6       0x30 ./Drivers/STM32F1xx_HAL_Driver/Src/stm32f1xx_hal_gpio.o
                0x00000000080016e6                HAL_GPIO_WritePin
 .text.HAL_GPIO_TogglePin
                0x0000000008001716       0x32 ./Drivers/STM32F1xx_HAL_Driver/Src/stm32f1xx_hal_gpio.o
                0x0000000008001716                HAL_GPIO_TogglePin
 .text.HAL_RCC_OscConfig
                0x0000000008001748      0x504 ./Drivers/STM32F1xx_HAL_Driver/Src/stm32f1xx_hal_rcc.o
                0x0000000008001748                HAL_RCC_OscConfig
 .text.HAL_RCC_ClockConfig
                0x0000000008001c4c      0x1d4 ./Drivers/STM32F1xx_HAL_Driver/Src/stm32f1xx_hal_rcc.o
                0x0000000008001c4c                HAL_RCC_ClockConfig
 .text.HAL_RCC_GetSysClockFreq
                0x0000000008001e20       0xa8 ./Drivers/STM32F1xx_HAL_Driver/Src/stm32f1xx_hal_rcc.o
                0x0000000008001e20                HAL_RCC_GetSysClockFreq
 .text.RCC_Delay
                0x0000000008001ec8       0x3c ./Drivers/STM32F1xx_HAL_Driver/Src/stm32f1xx_hal_rcc.o
 .text.HAL_TIM_Base_Init
                0x0000000008001f04       0x9e ./Drivers/STM32F1xx_HAL_Driver/Src/stm32f1xx_hal_tim.o
                0x0000000008001f04                HAL_TIM_Base_Init
 *fill*         0x0000000008001fa2        0x2 
 .text.HAL_TIM_Base_Start_IT
                0x0000000008001fa4       0xa4 ./Drivers/STM32F1xx_HAL_Driver/Src/stm32f1xx_hal_tim.o
                0x0000000008001fa4                HAL_TIM_Base_Start_IT
 .text.HAL_TIM_IRQHandler
                0x0000000008002048      0x210 ./Drivers/STM32F1xx_HAL_Driver/Src/stm32f1xx_hal_tim.o
                0x0000000008002048                HAL_TIM_IRQHandler
 .text.HAL_TIM_ConfigClockSource
                0x0000000008002258      0x18e ./Drivers/STM32F1xx_HAL_Driver/Src/stm32f1xx_hal_tim.o
                0x0000000008002258                HAL_TIM_ConfigClockSource
 .text.HAL_TIM_OC_DelayElapsedCallback
                0x00000000080023e6       0x12 ./Drivers/STM32F1xx_HAL_Driver/Src/stm32f1xx_hal_tim.o
                0x00000000080023e6                HAL_TIM_OC_DelayElapsedCallback
 .text.HAL_TIM_IC_CaptureCallback
                0x00000000080023f8       0x12 ./Drivers/STM32F1xx_HAL_Driver/Src/stm32f1xx_hal_tim.o
                0x00000000080023f8                HAL_TIM_IC_CaptureCallback
 .text.HAL_TIM_PWM_PulseFinishedCallback
                0x000000000800240a       0x12 ./Drivers/STM32F1xx_HAL_Driver/Src/stm32f1xx_hal_tim.o
                0x000000000800240a                HAL_TIM_PWM_PulseFinishedCallback
 .text.HAL_TIM_TriggerCallback
                0x000000000800241c       0x12 ./Drivers/STM32F1xx_HAL_Driver/Src/stm32f1xx_hal_tim.o
                0x000000000800241c                HAL_TIM_TriggerCallback
 *fill*         0x000000000800242e        0x2 
 .text.TIM_Base_SetConfig
                0x0000000008002430       0xc4 ./Drivers/STM32F1xx_HAL_Driver/Src/stm32f1xx_hal_tim.o
                0x0000000008002430                TIM_Base_SetConfig
 .text.TIM_TI1_ConfigInputStage
                0x00000000080024f4       0x5c ./Drivers/STM32F1xx_HAL_Driver/Src/stm32f1xx_hal_tim.o
 .text.TIM_TI2_ConfigInputStage
                0x0000000008002550       0x5e ./Drivers/STM32F1xx_HAL_Driver/Src/stm32f1xx_hal_tim.o
 .text.TIM_ITRx_SetConfig
                0x00000000080025ae       0x34 ./Drivers/STM32F1xx_HAL_Driver/Src/stm32f1xx_hal_tim.o
 .text.TIM_ETR_SetConfig
                0x00000000080025e2       0x3e ./Drivers/STM32F1xx_HAL_Driver/Src/stm32f1xx_hal_tim.o
                0x00000000080025e2                TIM_ETR_SetConfig
 .text.HAL_TIMEx_MasterConfigSynchronization
                0x0000000008002620       0xbc ./Drivers/STM32F1xx_HAL_Driver/Src/stm32f1xx_hal_tim_ex.o
                0x0000000008002620                HAL_TIMEx_MasterConfigSynchronization
 .text.HAL_TIMEx_CommutCallback
                0x00000000080026dc       0x12 ./Drivers/STM32F1xx_HAL_Driver/Src/stm32f1xx_hal_tim_ex.o
                0x00000000080026dc                HAL_TIMEx_CommutCallback
 .text.HAL_TIMEx_BreakCallback
                0x00000000080026ee       0x12 ./Drivers/STM32F1xx_HAL_Driver/Src/stm32f1xx_hal_tim_ex.o
                0x00000000080026ee                HAL_TIMEx_BreakCallback
 .text.memset   0x0000000008002700       0x10 D:/STM32CubeIDE_1.13.1/STM32CubeIDE/plugins/com.st.stm32cube.ide.mcu.externaltools.gnu-tools-for-stm32.11.3.rel1.win32_1.1.0.202305231506/tools/bin/../lib/gcc/arm-none-eabi/11.3.1/../../../../arm-none-eabi/lib/thumb/v7-m/nofp\libc_nano.a(libc_a-memset.o)
                0x0000000008002700                memset
 .text.__libc_init_array
                0x0000000008002710       0x48 D:/STM32CubeIDE_1.13.1/STM32CubeIDE/plugins/com.st.stm32cube.ide.mcu.externaltools.gnu-tools-for-stm32.11.3.rel1.win32_1.1.0.202305231506/tools/bin/../lib/gcc/arm-none-eabi/11.3.1/../../../../arm-none-eabi/lib/thumb/v7-m/nofp\libc_nano.a(libc_a-init.o)
                0x0000000008002710                __libc_init_array
 *(.glue_7)
 .glue_7        0x0000000008002758        0x0 linker stubs
 *(.glue_7t)
 .glue_7t       0x0000000008002758        0x0 linker stubs
 *(.eh_frame)
 .eh_frame      0x0000000008002758        0x0 D:/STM32CubeIDE_1.13.1/STM32CubeIDE/plugins/com.st.stm32cube.ide.mcu.externaltools.gnu-tools-for-stm32.11.3.rel1.win32_1.1.0.202305231506/tools/bin/../lib/gcc/arm-none-eabi/11.3.1/thumb/v7-m/nofp/crtbegin.o
 *(.init)
 .init          0x0000000008002758        0x4 D:/STM32CubeIDE_1.13.1/STM32CubeIDE/plugins/com.st.stm32cube.ide.mcu.externaltools.gnu-tools-for-stm32.11.3.rel1.win32_1.1.0.202305231506/tools/bin/../lib/gcc/arm-none-eabi/11.3.1/thumb/v7-m/nofp/crti.o
                0x0000000008002758                _init
 .init          0x000000000800275c        0x8 D:/STM32CubeIDE_1.13.1/STM32CubeIDE/plugins/com.st.stm32cube.ide.mcu.externaltools.gnu-tools-for-stm32.11.3.rel1.win32_1.1.0.202305231506/tools/bin/../lib/gcc/arm-none-eabi/11.3.1/thumb/v7-m/nofp/crtn.o
 *(.fini)
 .fini          0x0000000008002764        0x4 D:/STM32CubeIDE_1.13.1/STM32CubeIDE/plugins/com.st.stm32cube.ide.mcu.externaltools.gnu-tools-for-stm32.11.3.rel1.win32_1.1.0.202305231506/tools/bin/../lib/gcc/arm-none-eabi/11.3.1/thumb/v7-m/nofp/crti.o
                0x0000000008002764                _fini
 .fini          0x0000000008002768        0x8 D:/STM32CubeIDE_1.13.1/STM32CubeIDE/plugins/com.st.stm32cube.ide.mcu.externaltools.gnu-tools-for-stm32.11.3.rel1.win32_1.1.0.202305231506/tools/bin/../lib/gcc/arm-none-eabi/11.3.1/thumb/v7-m/nofp/crtn.o
                0x0000000008002770                . = ALIGN (0x4)
                0x0000000008002770                _etext = .

.vfp11_veneer   0x0000000008002770        0x0
 .vfp11_veneer  0x0000000008002770        0x0 linker stubs

.v4_bx          0x0000000008002770        0x0
 .v4_bx         0x0000000008002770        0x0 linker stubs

.iplt           0x0000000008002770        0x0
 .iplt          0x0000000008002770        0x0 D:/STM32CubeIDE_1.13.1/STM32CubeIDE/plugins/com.st.stm32cube.ide.mcu.externaltools.gnu-tools-for-stm32.11.3.rel1.win32_1.1.0.202305231506/tools/bin/../lib/gcc/arm-none-eabi/11.3.1/thumb/v7-m/nofp/crtbegin.o

.rodata         0x0000000008002770       0x24
                0x0000000008002770                . = ALIGN (0x4)
 *(.rodata)
 *(.rodata*)
 .rodata.AHBPrescTable
                0x0000000008002770       0x10 ./Core/Src/system_stm32f1xx.o
                0x0000000008002770                AHBPrescTable
 .rodata.aPLLMULFactorTable.1
                0x0000000008002780       0x10 ./Drivers/STM32F1xx_HAL_Driver/Src/stm32f1xx_hal_rcc.o
 .rodata.aPredivFactorTable.0
                0x0000000008002790        0x2 ./Drivers/STM32F1xx_HAL_Driver/Src/stm32f1xx_hal_rcc.o
                0x0000000008002794                . = ALIGN (0x4)
 *fill*         0x0000000008002792        0x2 

.rel.dyn        0x0000000008002794        0x0
 .rel.iplt      0x0000000008002794        0x0 D:/STM32CubeIDE_1.13.1/STM32CubeIDE/plugins/com.st.stm32cube.ide.mcu.externaltools.gnu-tools-for-stm32.11.3.rel1.win32_1.1.0.202305231506/tools/bin/../lib/gcc/arm-none-eabi/11.3.1/thumb/v7-m/nofp/crtbegin.o

.ARM.extab      0x0000000008002794        0x0
                0x0000000008002794                . = ALIGN (0x4)
 *(.ARM.extab* .gnu.linkonce.armextab.*)
                0x0000000008002794                . = ALIGN (0x4)

.ARM            0x0000000008002794        0x0
                0x0000000008002794                . = ALIGN (0x4)
                0x0000000008002794                __exidx_start = .
 *(.ARM.exidx*)
                0x0000000008002794                __exidx_end = .
                0x0000000008002794                . = ALIGN (0x4)

.preinit_array  0x0000000008002794        0x0
                0x0000000008002794                . = ALIGN (0x4)
                0x0000000008002794                PROVIDE (__preinit_array_start = .)
 *(.preinit_array*)
                0x0000000008002794                PROVIDE (__preinit_array_end = .)
                0x0000000008002794                . = ALIGN (0x4)

.init_array     0x0000000008002794        0x4
                0x0000000008002794                . = ALIGN (0x4)
                0x0000000008002794                PROVIDE (__init_array_start = .)
 *(SORT_BY_NAME(.init_array.*))
 *(.init_array*)
 .init_array    0x0000000008002794        0x4 D:/STM32CubeIDE_1.13.1/STM32CubeIDE/plugins/com.st.stm32cube.ide.mcu.externaltools.gnu-tools-for-stm32.11.3.rel1.win32_1.1.0.202305231506/tools/bin/../lib/gcc/arm-none-eabi/11.3.1/thumb/v7-m/nofp/crtbegin.o
                0x0000000008002798                PROVIDE (__init_array_end = .)
                0x0000000008002798                . = ALIGN (0x4)

.fini_array     0x0000000008002798        0x4
                0x0000000008002798                . = ALIGN (0x4)
                [!provide]                        PROVIDE (__fini_array_start = .)
 *(SORT_BY_NAME(.fini_array.*))
 *(.fini_array*)
 .fini_array    0x0000000008002798        0x4 D:/STM32CubeIDE_1.13.1/STM32CubeIDE/plugins/com.st.stm32cube.ide.mcu.externaltools.gnu-tools-for-stm32.11.3.rel1.win32_1.1.0.202305231506/tools/bin/../lib/gcc/arm-none-eabi/11.3.1/thumb/v7-m/nofp/crtbegin.o
                [!provide]                        PROVIDE (__fini_array_end = .)
                0x000000000800279c                . = ALIGN (0x4)
                0x000000000800279c                _sidata = LOADADDR (.data)

.data           0x0000000020000000       0x58 load address 0x000000000800279c
                0x0000000020000000                . = ALIGN (0x4)
                0x0000000020000000                _sdata = .
 *(.data)
 *(.data*)
 .data.buttonsArr
                0x0000000020000000        0xc ./Core/Src/button.o
                0x0000000020000000                buttonsArr
 .data.KeyReg0  0x000000002000000c        0xc ./Core/Src/button.o
                0x000000002000000c                KeyReg0
 .data.KeyReg1  0x0000000020000018        0xc ./Core/Src/button.o
                0x0000000020000018                KeyReg1
 .data.KeyReg2  0x0000000020000024        0xc ./Core/Src/button.o
                0x0000000020000024                KeyReg2
 .data.KeyReg3  0x0000000020000030        0xc ./Core/Src/button.o
                0x0000000020000030                KeyReg3
 .data.TimeOutForKeyPress
                0x000000002000003c        0x4 ./Core/Src/button.o
                0x000000002000003c                TimeOutForKeyPress
 .data.redDelay
                0x0000000020000040        0x4 ./Core/Src/global.o
                0x0000000020000040                redDelay
 .data.greenDelay
                0x0000000020000044        0x4 ./Core/Src/global.o
                0x0000000020000044                greenDelay
 .data.yellowDelay
                0x0000000020000048        0x4 ./Core/Src/global.o
                0x0000000020000048                yellowDelay
 .data.SystemCoreClock
                0x000000002000004c        0x4 ./Core/Src/system_stm32f1xx.o
                0x000000002000004c                SystemCoreClock
 .data.uwTickPrio
                0x0000000020000050        0x4 ./Drivers/STM32F1xx_HAL_Driver/Src/stm32f1xx_hal.o
                0x0000000020000050                uwTickPrio
 .data.uwTickFreq
                0x0000000020000054        0x1 ./Drivers/STM32F1xx_HAL_Driver/Src/stm32f1xx_hal.o
                0x0000000020000054                uwTickFreq
 *(.RamFunc)
 *(.RamFunc*)
                0x0000000020000058                . = ALIGN (0x4)
 *fill*         0x0000000020000055        0x3 
                0x0000000020000058                _edata = .

.igot.plt       0x0000000020000058        0x0 load address 0x00000000080027f4
 .igot.plt      0x0000000020000058        0x0 D:/STM32CubeIDE_1.13.1/STM32CubeIDE/plugins/com.st.stm32cube.ide.mcu.externaltools.gnu-tools-for-stm32.11.3.rel1.win32_1.1.0.202305231506/tools/bin/../lib/gcc/arm-none-eabi/11.3.1/thumb/v7-m/nofp/crtbegin.o
                0x0000000020000058                . = ALIGN (0x4)

.bss            0x0000000020000058       0xdc load address 0x00000000080027f4
                0x0000000020000058                _sbss = .
                0x0000000020000058                __bss_start__ = _sbss
 *(.bss)
 .bss           0x0000000020000058       0x1c D:/STM32CubeIDE_1.13.1/STM32CubeIDE/plugins/com.st.stm32cube.ide.mcu.externaltools.gnu-tools-for-stm32.11.3.rel1.win32_1.1.0.202305231506/tools/bin/../lib/gcc/arm-none-eabi/11.3.1/thumb/v7-m/nofp/crtbegin.o
 *(.bss*)
 .bss.button_flag
                0x0000000020000074        0xc ./Core/Src/button.o
                0x0000000020000074                button_flag
 .bss.MODE      0x0000000020000080        0x1 ./Core/Src/global.o
                0x0000000020000080                MODE
 .bss.mode2Toggle
                0x0000000020000081        0x1 ./Core/Src/global.o
                0x0000000020000081                mode2Toggle
 .bss.mode2Seg  0x0000000020000082        0x1 ./Core/Src/global.o
                0x0000000020000082                mode2Seg
 .bss.mode2Increase
                0x0000000020000083        0x1 ./Core/Src/global.o
                0x0000000020000083                mode2Increase
 .bss.mode3Toggle
                0x0000000020000084        0x1 ./Core/Src/global.o
                0x0000000020000084                mode3Toggle
 .bss.mode3Seg  0x0000000020000085        0x1 ./Core/Src/global.o
                0x0000000020000085                mode3Seg
 .bss.mode3Increase
                0x0000000020000086        0x1 ./Core/Src/global.o
                0x0000000020000086                mode3Increase
 .bss.mode4Toggle
                0x0000000020000087        0x1 ./Core/Src/global.o
                0x0000000020000087                mode4Toggle
 .bss.mode4Seg  0x0000000020000088        0x1 ./Core/Src/global.o
                0x0000000020000088                mode4Seg
 .bss.mode4Increase
                0x0000000020000089        0x1 ./Core/Src/global.o
                0x0000000020000089                mode4Increase
 .bss.firstCoupleLedAutoState
                0x000000002000008a        0x1 ./Core/Src/global.o
                0x000000002000008a                firstCoupleLedAutoState
 .bss.secondCoupleLedAutoState
                0x000000002000008b        0x1 ./Core/Src/global.o
                0x000000002000008b                secondCoupleLedAutoState
 .bss.seg7AutoState
                0x000000002000008c        0x1 ./Core/Src/global.o
                0x000000002000008c                seg7AutoState
 *fill*         0x000000002000008d        0x3 
 .bss.countdownFirstCoupleLed
                0x0000000020000090        0x4 ./Core/Src/global.o
                0x0000000020000090                countdownFirstCoupleLed
 .bss.countdownSecondCoupleLed
                0x0000000020000094        0x4 ./Core/Src/global.o
                0x0000000020000094                countdownSecondCoupleLed
 .bss.htim2     0x0000000020000098       0x48 ./Core/Src/main.o
                0x0000000020000098                htim2
 .bss.timer_counter
                0x00000000200000e0       0x28 ./Core/Src/software_timer.o
                0x00000000200000e0                timer_counter
 .bss.timer_flag
                0x0000000020000108       0x28 ./Core/Src/software_timer.o
                0x0000000020000108                timer_flag
 .bss.uwTick    0x0000000020000130        0x4 ./Drivers/STM32F1xx_HAL_Driver/Src/stm32f1xx_hal.o
                0x0000000020000130                uwTick
 *(COMMON)
                0x0000000020000134                . = ALIGN (0x4)
                0x0000000020000134                _ebss = .
                0x0000000020000134                __bss_end__ = _ebss

._user_heap_stack
                0x0000000020000134      0x604 load address 0x00000000080027f4
                0x0000000020000138                . = ALIGN (0x8)
 *fill*         0x0000000020000134        0x4 
                [!provide]                        PROVIDE (end = .)
                0x0000000020000138                PROVIDE (_end = .)
                0x0000000020000338                . = (. + _Min_Heap_Size)
 *fill*         0x0000000020000138      0x200 
                0x0000000020000738                . = (. + _Min_Stack_Size)
 *fill*         0x0000000020000338      0x400 
                0x0000000020000738                . = ALIGN (0x8)

/DISCARD/
 libc.a(*)
 libm.a(*)
 libgcc.a(*)

.ARM.attributes
                0x0000000000000000       0x29
 *(.ARM.attributes)
 .ARM.attributes
                0x0000000000000000       0x1d D:/STM32CubeIDE_1.13.1/STM32CubeIDE/plugins/com.st.stm32cube.ide.mcu.externaltools.gnu-tools-for-stm32.11.3.rel1.win32_1.1.0.202305231506/tools/bin/../lib/gcc/arm-none-eabi/11.3.1/thumb/v7-m/nofp/crti.o
 .ARM.attributes
                0x000000000000001d       0x2d D:/STM32CubeIDE_1.13.1/STM32CubeIDE/plugins/com.st.stm32cube.ide.mcu.externaltools.gnu-tools-for-stm32.11.3.rel1.win32_1.1.0.202305231506/tools/bin/../lib/gcc/arm-none-eabi/11.3.1/thumb/v7-m/nofp/crtbegin.o
 .ARM.attributes
                0x000000000000004a       0x2d ./Core/Src/button.o
 .ARM.attributes
                0x0000000000000077       0x2d ./Core/Src/display_led.o
 .ARM.attributes
                0x00000000000000a4       0x2d ./Core/Src/fsm_auto.o
 .ARM.attributes
                0x00000000000000d1       0x2d ./Core/Src/fsm_manual.o
 .ARM.attributes
                0x00000000000000fe       0x2d ./Core/Src/global.o
 .ARM.attributes
                0x000000000000012b       0x2d ./Core/Src/main.o
 .ARM.attributes
                0x0000000000000158       0x2d ./Core/Src/software_timer.o
 .ARM.attributes
                0x0000000000000185       0x2d ./Core/Src/stm32f1xx_hal_msp.o
 .ARM.attributes
                0x00000000000001b2       0x2d ./Core/Src/stm32f1xx_it.o
 .ARM.attributes
                0x00000000000001df       0x2d ./Core/Src/system_stm32f1xx.o
 .ARM.attributes
                0x000000000000020c       0x21 ./Core/Startup/startup_stm32f103rbtx.o
 .ARM.attributes
                0x000000000000022d       0x2d ./Drivers/STM32F1xx_HAL_Driver/Src/stm32f1xx_hal.o
 .ARM.attributes
                0x000000000000025a       0x2d ./Drivers/STM32F1xx_HAL_Driver/Src/stm32f1xx_hal_cortex.o
 .ARM.attributes
                0x0000000000000287       0x2d ./Drivers/STM32F1xx_HAL_Driver/Src/stm32f1xx_hal_gpio.o
 .ARM.attributes
                0x00000000000002b4       0x2d ./Drivers/STM32F1xx_HAL_Driver/Src/stm32f1xx_hal_rcc.o
 .ARM.attributes
                0x00000000000002e1       0x2d ./Drivers/STM32F1xx_HAL_Driver/Src/stm32f1xx_hal_tim.o
 .ARM.attributes
                0x000000000000030e       0x2d ./Drivers/STM32F1xx_HAL_Driver/Src/stm32f1xx_hal_tim_ex.o
 .ARM.attributes
                0x000000000000033b       0x2d D:/STM32CubeIDE_1.13.1/STM32CubeIDE/plugins/com.st.stm32cube.ide.mcu.externaltools.gnu-tools-for-stm32.11.3.rel1.win32_1.1.0.202305231506/tools/bin/../lib/gcc/arm-none-eabi/11.3.1/../../../../arm-none-eabi/lib/thumb/v7-m/nofp\libc_nano.a(libc_a-memset.o)
 .ARM.attributes
                0x0000000000000368       0x2d D:/STM32CubeIDE_1.13.1/STM32CubeIDE/plugins/com.st.stm32cube.ide.mcu.externaltools.gnu-tools-for-stm32.11.3.rel1.win32_1.1.0.202305231506/tools/bin/../lib/gcc/arm-none-eabi/11.3.1/../../../../arm-none-eabi/lib/thumb/v7-m/nofp\libc_nano.a(libc_a-init.o)
 .ARM.attributes
                0x0000000000000395       0x1d D:/STM32CubeIDE_1.13.1/STM32CubeIDE/plugins/com.st.stm32cube.ide.mcu.externaltools.gnu-tools-for-stm32.11.3.rel1.win32_1.1.0.202305231506/tools/bin/../lib/gcc/arm-none-eabi/11.3.1/thumb/v7-m/nofp/crtn.o
OUTPUT(Project.elf elf32-littlearm)
LOAD linker stubs
LOAD D:/STM32CubeIDE_1.13.1/STM32CubeIDE/plugins/com.st.stm32cube.ide.mcu.externaltools.gnu-tools-for-stm32.11.3.rel1.win32_1.1.0.202305231506/tools/bin/../lib/gcc/arm-none-eabi/11.3.1/../../../../arm-none-eabi/lib/thumb/v7-m/nofp\libc.a
LOAD D:/STM32CubeIDE_1.13.1/STM32CubeIDE/plugins/com.st.stm32cube.ide.mcu.externaltools.gnu-tools-for-stm32.11.3.rel1.win32_1.1.0.202305231506/tools/bin/../lib/gcc/arm-none-eabi/11.3.1/../../../../arm-none-eabi/lib/thumb/v7-m/nofp\libm.a
LOAD D:/STM32CubeIDE_1.13.1/STM32CubeIDE/plugins/com.st.stm32cube.ide.mcu.externaltools.gnu-tools-for-stm32.11.3.rel1.win32_1.1.0.202305231506/tools/bin/../lib/gcc/arm-none-eabi/11.3.1/thumb/v7-m/nofp\libgcc.a

.comment        0x0000000000000000       0x43
 .comment       0x0000000000000000       0x43 D:/STM32CubeIDE_1.13.1/STM32CubeIDE/plugins/com.st.stm32cube.ide.mcu.externaltools.gnu-tools-for-stm32.11.3.rel1.win32_1.1.0.202305231506/tools/bin/../lib/gcc/arm-none-eabi/11.3.1/thumb/v7-m/nofp/crtbegin.o
                                         0x44 (size before relaxing)
 .comment       0x0000000000000043       0x44 ./Core/Src/button.o
 .comment       0x0000000000000043       0x44 ./Core/Src/display_led.o
 .comment       0x0000000000000043       0x44 ./Core/Src/fsm_auto.o
 .comment       0x0000000000000043       0x44 ./Core/Src/fsm_manual.o
 .comment       0x0000000000000043       0x44 ./Core/Src/global.o
 .comment       0x0000000000000043       0x44 ./Core/Src/main.o
 .comment       0x0000000000000043       0x44 ./Core/Src/software_timer.o
 .comment       0x0000000000000043       0x44 ./Core/Src/stm32f1xx_hal_msp.o
 .comment       0x0000000000000043       0x44 ./Core/Src/stm32f1xx_it.o
 .comment       0x0000000000000043       0x44 ./Core/Src/system_stm32f1xx.o
 .comment       0x0000000000000043       0x44 ./Drivers/STM32F1xx_HAL_Driver/Src/stm32f1xx_hal.o
 .comment       0x0000000000000043       0x44 ./Drivers/STM32F1xx_HAL_Driver/Src/stm32f1xx_hal_cortex.o
 .comment       0x0000000000000043       0x44 ./Drivers/STM32F1xx_HAL_Driver/Src/stm32f1xx_hal_gpio.o
 .comment       0x0000000000000043       0x44 ./Drivers/STM32F1xx_HAL_Driver/Src/stm32f1xx_hal_rcc.o
 .comment       0x0000000000000043       0x44 ./Drivers/STM32F1xx_HAL_Driver/Src/stm32f1xx_hal_tim.o
 .comment       0x0000000000000043       0x44 ./Drivers/STM32F1xx_HAL_Driver/Src/stm32f1xx_hal_tim_ex.o

.debug_info     0x0000000000000000     0x87a7
 .debug_info    0x0000000000000000      0x281 ./Core/Src/button.o
 .debug_info    0x0000000000000281      0x207 ./Core/Src/display_led.o
 .debug_info    0x0000000000000488      0x1cf ./Core/Src/fsm_auto.o
 .debug_info    0x0000000000000657      0x343 ./Core/Src/fsm_manual.o
 .debug_info    0x000000000000099a      0x2df ./Core/Src/global.o
 .debug_info    0x0000000000000c79      0xbf4 ./Core/Src/main.o
 .debug_info    0x000000000000186d       0xc9 ./Core/Src/software_timer.o
 .debug_info    0x0000000000001936      0x8aa ./Core/Src/stm32f1xx_hal_msp.o
 .debug_info    0x00000000000021e0      0x6a1 ./Core/Src/stm32f1xx_it.o
 .debug_info    0x0000000000002881      0x222 ./Core/Src/system_stm32f1xx.o
 .debug_info    0x0000000000002aa3       0x23 ./Core/Startup/startup_stm32f103rbtx.o
 .debug_info    0x0000000000002ac6      0x704 ./Drivers/STM32F1xx_HAL_Driver/Src/stm32f1xx_hal.o
 .debug_info    0x00000000000031ca      0xa87 ./Drivers/STM32F1xx_HAL_Driver/Src/stm32f1xx_hal_cortex.o
 .debug_info    0x0000000000003c51      0x5ab ./Drivers/STM32F1xx_HAL_Driver/Src/stm32f1xx_hal_gpio.o
 .debug_info    0x00000000000041fc      0x7d5 ./Drivers/STM32F1xx_HAL_Driver/Src/stm32f1xx_hal_rcc.o
 .debug_info    0x00000000000049d1     0x293b ./Drivers/STM32F1xx_HAL_Driver/Src/stm32f1xx_hal_tim.o
 .debug_info    0x000000000000730c     0x149b ./Drivers/STM32F1xx_HAL_Driver/Src/stm32f1xx_hal_tim_ex.o

.debug_abbrev   0x0000000000000000     0x1bed
 .debug_abbrev  0x0000000000000000      0x18c ./Core/Src/button.o
 .debug_abbrev  0x000000000000018c      0x12f ./Core/Src/display_led.o
 .debug_abbrev  0x00000000000002bb       0xc7 ./Core/Src/fsm_auto.o
 .debug_abbrev  0x0000000000000382      0x152 ./Core/Src/fsm_manual.o
 .debug_abbrev  0x00000000000004d4       0x94 ./Core/Src/global.o
 .debug_abbrev  0x0000000000000568      0x2ce ./Core/Src/main.o
 .debug_abbrev  0x0000000000000836       0xb9 ./Core/Src/software_timer.o
 .debug_abbrev  0x00000000000008ef      0x1ad ./Core/Src/stm32f1xx_hal_msp.o
 .debug_abbrev  0x0000000000000a9c      0x191 ./Core/Src/stm32f1xx_it.o
 .debug_abbrev  0x0000000000000c2d      0x13f ./Core/Src/system_stm32f1xx.o
 .debug_abbrev  0x0000000000000d6c       0x12 ./Core/Startup/startup_stm32f103rbtx.o
 .debug_abbrev  0x0000000000000d7e      0x201 ./Drivers/STM32F1xx_HAL_Driver/Src/stm32f1xx_hal.o
 .debug_abbrev  0x0000000000000f7f      0x2f8 ./Drivers/STM32F1xx_HAL_Driver/Src/stm32f1xx_hal_cortex.o
 .debug_abbrev  0x0000000000001277      0x1ca ./Drivers/STM32F1xx_HAL_Driver/Src/stm32f1xx_hal_gpio.o
 .debug_abbrev  0x0000000000001441      0x2b3 ./Drivers/STM32F1xx_HAL_Driver/Src/stm32f1xx_hal_rcc.o
 .debug_abbrev  0x00000000000016f4      0x277 ./Drivers/STM32F1xx_HAL_Driver/Src/stm32f1xx_hal_tim.o
 .debug_abbrev  0x000000000000196b      0x282 ./Drivers/STM32F1xx_HAL_Driver/Src/stm32f1xx_hal_tim_ex.o

.debug_aranges  0x0000000000000000      0xa30
 .debug_aranges
                0x0000000000000000       0x30 ./Core/Src/button.o
 .debug_aranges
                0x0000000000000030       0x30 ./Core/Src/display_led.o
 .debug_aranges
                0x0000000000000060       0x20 ./Core/Src/fsm_auto.o
 .debug_aranges
                0x0000000000000080       0x38 ./Core/Src/fsm_manual.o
 .debug_aranges
                0x00000000000000b8       0x20 ./Core/Src/global.o
 .debug_aranges
                0x00000000000000d8       0x48 ./Core/Src/main.o
 .debug_aranges
                0x0000000000000120       0x28 ./Core/Src/software_timer.o
 .debug_aranges
                0x0000000000000148       0x30 ./Core/Src/stm32f1xx_hal_msp.o
 .debug_aranges
                0x0000000000000178       0x68 ./Core/Src/stm32f1xx_it.o
 .debug_aranges
                0x00000000000001e0       0x28 ./Core/Src/system_stm32f1xx.o
 .debug_aranges
                0x0000000000000208       0x28 ./Core/Startup/startup_stm32f103rbtx.o
 .debug_aranges
                0x0000000000000230       0xe0 ./Drivers/STM32F1xx_HAL_Driver/Src/stm32f1xx_hal.o
 .debug_aranges
                0x0000000000000310      0x100 ./Drivers/STM32F1xx_HAL_Driver/Src/stm32f1xx_hal_cortex.o
 .debug_aranges
                0x0000000000000410       0x58 ./Drivers/STM32F1xx_HAL_Driver/Src/stm32f1xx_hal_gpio.o
 .debug_aranges
                0x0000000000000468       0x90 ./Drivers/STM32F1xx_HAL_Driver/Src/stm32f1xx_hal_rcc.o
 .debug_aranges
                0x00000000000004f8      0x3d0 ./Drivers/STM32F1xx_HAL_Driver/Src/stm32f1xx_hal_tim.o
 .debug_aranges
                0x00000000000008c8      0x168 ./Drivers/STM32F1xx_HAL_Driver/Src/stm32f1xx_hal_tim_ex.o

.debug_rnglists
                0x0000000000000000      0x7c0
 .debug_rnglists
                0x0000000000000000       0x20 ./Core/Src/button.o
 .debug_rnglists
                0x0000000000000020       0x21 ./Core/Src/display_led.o
 .debug_rnglists
                0x0000000000000041       0x14 ./Core/Src/fsm_auto.o
 .debug_rnglists
                0x0000000000000055       0x28 ./Core/Src/fsm_manual.o
 .debug_rnglists
                0x000000000000007d       0x14 ./Core/Src/global.o
 .debug_rnglists
                0x0000000000000091       0x33 ./Core/Src/main.o
 .debug_rnglists
                0x00000000000000c4       0x19 ./Core/Src/software_timer.o
 .debug_rnglists
                0x00000000000000dd       0x1f ./Core/Src/stm32f1xx_hal_msp.o
 .debug_rnglists
                0x00000000000000fc       0x49 ./Core/Src/stm32f1xx_it.o
 .debug_rnglists
                0x0000000000000145       0x1a ./Core/Src/system_stm32f1xx.o
 .debug_rnglists
                0x000000000000015f       0x19 ./Core/Startup/startup_stm32f103rbtx.o
 .debug_rnglists
                0x0000000000000178       0xa3 ./Drivers/STM32F1xx_HAL_Driver/Src/stm32f1xx_hal.o
 .debug_rnglists
                0x000000000000021b       0xbb ./Drivers/STM32F1xx_HAL_Driver/Src/stm32f1xx_hal_cortex.o
 .debug_rnglists
                0x00000000000002d6       0x3f ./Drivers/STM32F1xx_HAL_Driver/Src/stm32f1xx_hal_gpio.o
 .debug_rnglists
                0x0000000000000315       0x6c ./Drivers/STM32F1xx_HAL_Driver/Src/stm32f1xx_hal_rcc.o
 .debug_rnglists
                0x0000000000000381      0x31a ./Drivers/STM32F1xx_HAL_Driver/Src/stm32f1xx_hal_tim.o
 .debug_rnglists
                0x000000000000069b      0x125 ./Drivers/STM32F1xx_HAL_Driver/Src/stm32f1xx_hal_tim_ex.o

.debug_macro    0x0000000000000000    0x16ffb
 .debug_macro   0x0000000000000000      0x1b7 ./Core/Src/button.o
 .debug_macro   0x00000000000001b7      0xa9c ./Core/Src/button.o
 .debug_macro   0x0000000000000c53      0x215 ./Core/Src/button.o
 .debug_macro   0x0000000000000e68       0x2e ./Core/Src/button.o
 .debug_macro   0x0000000000000e96       0x22 ./Core/Src/button.o
 .debug_macro   0x0000000000000eb8       0x22 ./Core/Src/button.o
 .debug_macro   0x0000000000000eda       0x8e ./Core/Src/button.o
 .debug_macro   0x0000000000000f68       0x51 ./Core/Src/button.o
 .debug_macro   0x0000000000000fb9      0x103 ./Core/Src/button.o
 .debug_macro   0x00000000000010bc       0x6a ./Core/Src/button.o
 .debug_macro   0x0000000000001126      0x1df ./Core/Src/button.o
 .debug_macro   0x0000000000001305       0x1c ./Core/Src/button.o
 .debug_macro   0x0000000000001321       0x22 ./Core/Src/button.o
 .debug_macro   0x0000000000001343       0xbd ./Core/Src/button.o
 .debug_macro   0x0000000000001400      0xd23 ./Core/Src/button.o
 .debug_macro   0x0000000000002123     0xe09e ./Core/Src/button.o
 .debug_macro   0x00000000000101c1       0x6d ./Core/Src/button.o
 .debug_macro   0x000000000001022e     0x348d ./Core/Src/button.o
 .debug_macro   0x00000000000136bb      0x174 ./Core/Src/button.o
 .debug_macro   0x000000000001382f       0x5c ./Core/Src/button.o
 .debug_macro   0x000000000001388b      0x5bc ./Core/Src/button.o
 .debug_macro   0x0000000000013e47      0x289 ./Core/Src/button.o
 .debug_macro   0x00000000000140d0      0x1cb ./Core/Src/button.o
 .debug_macro   0x000000000001429b      0x114 ./Core/Src/button.o
 .debug_macro   0x00000000000143af      0x1b2 ./Core/Src/button.o
 .debug_macro   0x0000000000014561       0x27 ./Core/Src/button.o
 .debug_macro   0x0000000000014588      0x136 ./Core/Src/button.o
 .debug_macro   0x00000000000146be      0x1bc ./Core/Src/button.o
 .debug_macro   0x000000000001487a       0x34 ./Core/Src/button.o
 .debug_macro   0x00000000000148ae       0x3c ./Core/Src/button.o
 .debug_macro   0x00000000000148ea       0x57 ./Core/Src/button.o
 .debug_macro   0x0000000000014941       0x87 ./Core/Src/button.o
 .debug_macro   0x00000000000149c8      0x240 ./Core/Src/button.o
 .debug_macro   0x0000000000014c08      0x140 ./Core/Src/button.o
 .debug_macro   0x0000000000014d48      0x8ed ./Core/Src/button.o
 .debug_macro   0x0000000000015635       0x83 ./Core/Src/button.o
 .debug_macro   0x00000000000156b8       0x7c ./Core/Src/button.o
 .debug_macro   0x0000000000015734       0x16 ./Core/Src/button.o
 .debug_macro   0x000000000001574a      0x1cf ./Core/Src/display_led.o
 .debug_macro   0x0000000000015919       0x1c ./Core/Src/display_led.o
 .debug_macro   0x0000000000015935      0x1d9 ./Core/Src/fsm_auto.o
 .debug_macro   0x0000000000015b0e      0x1df ./Core/Src/fsm_manual.o
 .debug_macro   0x0000000000015ced      0x1cb ./Core/Src/global.o
 .debug_macro   0x0000000000015eb8      0x1fd ./Core/Src/main.o
 .debug_macro   0x00000000000160b5       0x1b ./Core/Src/software_timer.o
 .debug_macro   0x00000000000160d0      0x1a8 ./Core/Src/stm32f1xx_hal_msp.o
 .debug_macro   0x0000000000016278      0x1b2 ./Core/Src/stm32f1xx_it.o
 .debug_macro   0x000000000001642a      0x199 ./Core/Src/system_stm32f1xx.o
 .debug_macro   0x00000000000165c3      0x1bd ./Drivers/STM32F1xx_HAL_Driver/Src/stm32f1xx_hal.o
 .debug_macro   0x0000000000016780      0x199 ./Drivers/STM32F1xx_HAL_Driver/Src/stm32f1xx_hal_cortex.o
 .debug_macro   0x0000000000016919      0x204 ./Drivers/STM32F1xx_HAL_Driver/Src/stm32f1xx_hal_gpio.o
 .debug_macro   0x0000000000016b1d      0x1ab ./Drivers/STM32F1xx_HAL_Driver/Src/stm32f1xx_hal_rcc.o
 .debug_macro   0x0000000000016cc8      0x19a ./Drivers/STM32F1xx_HAL_Driver/Src/stm32f1xx_hal_tim.o
 .debug_macro   0x0000000000016e62      0x199 ./Drivers/STM32F1xx_HAL_Driver/Src/stm32f1xx_hal_tim_ex.o

.debug_line     0x0000000000000000     0xc143
 .debug_line    0x0000000000000000      0x798 ./Core/Src/button.o
 .debug_line    0x0000000000000798      0x777 ./Core/Src/display_led.o
 .debug_line    0x0000000000000f0f      0x81d ./Core/Src/fsm_auto.o
 .debug_line    0x000000000000172c      0x96a ./Core/Src/fsm_manual.o
 .debug_line    0x0000000000002096      0x722 ./Core/Src/global.o
 .debug_line    0x00000000000027b8      0x868 ./Core/Src/main.o
 .debug_line    0x0000000000003020       0xa0 ./Core/Src/software_timer.o
 .debug_line    0x00000000000030c0      0x714 ./Core/Src/stm32f1xx_hal_msp.o
 .debug_line    0x00000000000037d4      0x7b3 ./Core/Src/stm32f1xx_it.o
 .debug_line    0x0000000000003f87      0x757 ./Core/Src/system_stm32f1xx.o
 .debug_line    0x00000000000046de       0x78 ./Core/Startup/startup_stm32f103rbtx.o
 .debug_line    0x0000000000004756      0x984 ./Drivers/STM32F1xx_HAL_Driver/Src/stm32f1xx_hal.o
 .debug_line    0x00000000000050da      0xb6c ./Drivers/STM32F1xx_HAL_Driver/Src/stm32f1xx_hal_cortex.o
 .debug_line    0x0000000000005c46      0xa1d ./Drivers/STM32F1xx_HAL_Driver/Src/stm32f1xx_hal_gpio.o
 .debug_line    0x0000000000006663      0xd8d ./Drivers/STM32F1xx_HAL_Driver/Src/stm32f1xx_hal_rcc.o
 .debug_line    0x00000000000073f0     0x3470 ./Drivers/STM32F1xx_HAL_Driver/Src/stm32f1xx_hal_tim.o
 .debug_line    0x000000000000a860     0x18e3 ./Drivers/STM32F1xx_HAL_Driver/Src/stm32f1xx_hal_tim_ex.o

.debug_str      0x0000000000000000    0x84623
 .debug_str     0x0000000000000000    0x818d9 ./Core/Src/button.o
                                      0x81c06 (size before relaxing)
 .debug_str     0x00000000000818d9       0xcd ./Core/Src/display_led.o
                                      0x81c39 (size before relaxing)
 .debug_str     0x00000000000819a6      0x116 ./Core/Src/fsm_auto.o
                                      0x81c9b (size before relaxing)
 .debug_str     0x0000000000081abc      0x114 ./Core/Src/fsm_manual.o
                                      0x81d67 (size before relaxing)
 .debug_str     0x0000000000081bd0       0x15 ./Core/Src/global.o
                                      0x81cd9 (size before relaxing)
 .debug_str     0x0000000000081be5      0x79f ./Core/Src/main.o
                                      0x82471 (size before relaxing)
 .debug_str     0x0000000000082384       0x3d ./Core/Src/software_timer.o
                                       0x2de4 (size before relaxing)
 .debug_str     0x00000000000823c1      0x30c ./Core/Src/stm32f1xx_hal_msp.o
                                      0x82330 (size before relaxing)
 .debug_str     0x00000000000826cd       0xec ./Core/Src/stm32f1xx_it.o
                                      0x8205f (size before relaxing)
 .debug_str     0x00000000000827b9       0x88 ./Core/Src/system_stm32f1xx.o
                                      0x819c0 (size before relaxing)
 .debug_str     0x0000000000082841       0x34 ./Core/Startup/startup_stm32f103rbtx.o
                                         0x6b (size before relaxing)
 .debug_str     0x0000000000082875      0x38e ./Drivers/STM32F1xx_HAL_Driver/Src/stm32f1xx_hal.o
                                      0x820f3 (size before relaxing)
 .debug_str     0x0000000000082c03      0x29e ./Drivers/STM32F1xx_HAL_Driver/Src/stm32f1xx_hal_cortex.o
                                      0x8203f (size before relaxing)
 .debug_str     0x0000000000082ea1      0x2f6 ./Drivers/STM32F1xx_HAL_Driver/Src/stm32f1xx_hal_gpio.o
                                      0x81d46 (size before relaxing)
 .debug_str     0x0000000000083197      0x229 ./Drivers/STM32F1xx_HAL_Driver/Src/stm32f1xx_hal_rcc.o
                                      0x81def (size before relaxing)
 .debug_str     0x00000000000833c0      0xdd0 ./Drivers/STM32F1xx_HAL_Driver/Src/stm32f1xx_hal_tim.o
                                      0x82de1 (size before relaxing)
 .debug_str     0x0000000000084190      0x493 ./Drivers/STM32F1xx_HAL_Driver/Src/stm32f1xx_hal_tim_ex.o
                                      0x825fd (size before relaxing)

.debug_frame    0x0000000000000000     0x2804
 .debug_frame   0x0000000000000000       0x80 ./Core/Src/button.o
 .debug_frame   0x0000000000000080       0x7c ./Core/Src/display_led.o
 .debug_frame   0x00000000000000fc       0x2c ./Core/Src/fsm_auto.o
 .debug_frame   0x0000000000000128       0x80 ./Core/Src/fsm_manual.o
 .debug_frame   0x00000000000001a8       0x30 ./Core/Src/global.o
 .debug_frame   0x00000000000001d8       0xd4 ./Core/Src/main.o
 .debug_frame   0x00000000000002ac       0x60 ./Core/Src/software_timer.o
 .debug_frame   0x000000000000030c       0x80 ./Core/Src/stm32f1xx_hal_msp.o
 .debug_frame   0x000000000000038c      0x120 ./Core/Src/stm32f1xx_it.o
 .debug_frame   0x00000000000004ac       0x58 ./Core/Src/system_stm32f1xx.o
 .debug_frame   0x0000000000000504      0x334 ./Drivers/STM32F1xx_HAL_Driver/Src/stm32f1xx_hal.o
 .debug_frame   0x0000000000000838      0x428 ./Drivers/STM32F1xx_HAL_Driver/Src/stm32f1xx_hal_cortex.o
 .debug_frame   0x0000000000000c60      0x14c ./Drivers/STM32F1xx_HAL_Driver/Src/stm32f1xx_hal_gpio.o
 .debug_frame   0x0000000000000dac      0x218 ./Drivers/STM32F1xx_HAL_Driver/Src/stm32f1xx_hal_rcc.o
 .debug_frame   0x0000000000000fc4     0x11bc ./Drivers/STM32F1xx_HAL_Driver/Src/stm32f1xx_hal_tim.o
 .debug_frame   0x0000000000002180      0x638 ./Drivers/STM32F1xx_HAL_Driver/Src/stm32f1xx_hal_tim_ex.o
 .debug_frame   0x00000000000027b8       0x20 D:/STM32CubeIDE_1.13.1/STM32CubeIDE/plugins/com.st.stm32cube.ide.mcu.externaltools.gnu-tools-for-stm32.11.3.rel1.win32_1.1.0.202305231506/tools/bin/../lib/gcc/arm-none-eabi/11.3.1/../../../../arm-none-eabi/lib/thumb/v7-m/nofp\libc_nano.a(libc_a-memset.o)
 .debug_frame   0x00000000000027d8       0x2c D:/STM32CubeIDE_1.13.1/STM32CubeIDE/plugins/com.st.stm32cube.ide.mcu.externaltools.gnu-tools-for-stm32.11.3.rel1.win32_1.1.0.202305231506/tools/bin/../lib/gcc/arm-none-eabi/11.3.1/../../../../arm-none-eabi/lib/thumb/v7-m/nofp\libc_nano.a(libc_a-init.o)

.debug_line_str
                0x0000000000000000       0x5f
 .debug_line_str
                0x0000000000000000       0x5f ./Core/Startup/startup_stm32f103rbtx.o
                                         0x77 (size before relaxing)
